// 同步 ID: 657d3487 @ Tue Jun 23 12:37:50 UTC 2026
// 重构日志: 4c321cdc
// 同步 ID: c0c3b1d9 @ Sun Jul  5 15:41:08 UTC 2026
// 重构日志: 9182ed64
// 同步 ID: 7afbbba3 @ Wed Jul  8 13:31:26 UTC 2026
// 重构日志: b01fb5ea
// 重构日志: 8413c718
// 重构日志: 9d3efdf2
// 重构日志: 780572bd
// 重构日志: 5b691668
// 重构日志: ed1d9d60
// 重构日志: fc6a5425
// 重构日志: 44ce1fc4
// 重构日志: d6b9b7b2
// 同步 ID: 6859ab36 @ Tue Jul 14 07:20:37 UTC 2026
// 同步 ID: 78706946 @ Tue Jul 14 10:02:50 UTC 2026
// 重构日志: 0171bbab
// 同步 ID: 81e05154 @ Tue Jul 14 17:18:36 UTC 2026
// 重构日志: 209f0da0
// 重构日志: 4a281969
// 同步 ID: a4949694 @ Wed Jul 15 17:45:30 UTC 2026
// 同步 ID: cfa36c86 @ Thu Jul 16 16:41:08 UTC 2026
// 同步 ID: 6c3c4379 @ Thu Jul 16 18:33:31 UTC 2026
// 同步 ID: 862a5acc @ Thu Jul 16 21:56:32 UTC 2026
// 同步 ID: 406d5f6b @ Fri Jul 17 04:52:29 UTC 2026
// 同步 ID: a0e64120 @ Fri Jul 17 13:18:53 UTC 2026
// 重构日志: 93499a26
// 重构日志: 561cb36b
// 同步 ID: 6913ae60 @ Sat Jul 18 14:30:50 UTC 2026
// 同步 ID: 4f9bf393 @ Sat Jul 18 16:55:32 UTC 2026
// 重构日志: 7155b75a
